This is Omega, Version 3.14159--1.23.2.1 (Web2C 7.4.5) (format=lambda 2006.1.25)
9 MAY 2006 11:04
Copyright (c) 1994--2000 John Plaice and Yannis Haralambous
**= 632.8
(/usr/share/texmf/tex/latex/tools/q.tex
LaTeX2e <2001/06/01> patch level 1
Babel <v3.7h> and hyphenation patterns for english, spanish, russian, greek, in
uit, dumylang, nohyphenation, loaded.
File ignored
)

! LaTeX Error: Missing \begin{document}.^^J^^JSee the LaTeX manual or LaTeX Com
panion for explanation.^^JType  H <return>  for immediate help.
 ...                                              
                                                  
<*> = 6
       32.8
You're in trouble here.  Try typing  <return>  to proceed.
If that doesn't work, type  X <return>  to quit.

Missing character: There is no 6 in font nullfont!
Missing character: There is no 3 in font nullfont!
Missing character: There is no 2 in font nullfont!
Missing character: There is no . in font nullfont!
Missing character: There is no 8 in font nullfont!
! Emergency stop.
<*> = 632.8
           
*** (job aborted, no legal \end found)

 
Here is how much of Omega's memory you used:
 3 strings out of 28737
 76 string characters out of 1186955
 408734 words of memory out of 2000001
 0 multiletter control sequences out of 65536
14 fonts 88 hyphenation exceptions out of 1000
 5i,0n,4p,87b,14s stack positions out of 1500i,400n,600p,200000b,5000s
No pages of output.
